// Jest Snapshot v1, https://goo.gl/fbAQLP

exports[`WidgetHeader should render correctly 1`] = `
<div
  className="heading"
>
  <div
    className="title"
  />
  <div
    className="updateInfo"
    onClick={[Function]}
  >
    <i
      className="icon icon-update"
    />
     
    <div
      className="strong"
    >
      -
    </div>
  </div>
</div>
`;
